⨯ Error [ChunkLoadError]: Failed to load chunk server/chunks/ssr/_1clh0h0._.js from module 10839
    at Context.loadChunkAsync [as l] (I:\WORK\jewellery-erp-master\.next\server\chunks\ssr\[turbopack]_runtime.js:766:27) {
  digest: '1488191113',
  [cause]: Error: Cannot find module 'I:\WORK\jewellery-erp-master\.next\server\chunks\ssr\_1clh0h0._.js'
  Require stack:
  - I:\WORK\jewellery-erp-master\.next\server\chunks\ssr\[turbopack]_runtime.js
  - I:\WORK\jewellery-erp-master\.next\server\app\[locale]\(dashboard)\accounting\chart\page.js
  - I:\WORK\jewellery-erp-master\node_modules\next\dist\server\require.js
  - I:\WORK\jewellery-erp-master\node_modules\next\dist\server\next-server.js
  - I:\WORK\jewellery-erp-master\node_modules\next\dist\server\next.js
  - I:\WORK\jewellery-erp-master\node_modules\next\dist\server\lib\start-server.js
  - I:\WORK\jewellery-erp-master\node_modules\next\dist\cli\next-start.js
      at ignore-listed frames {
    code: 'MODULE_NOT_FOUND',
    requireStack: [
      'I:\\WORK\\jewellery-erp-master\\.next\\server\\chunks\\ssr\\[turbopack]_runtime.js',
      'I:\\WORK\\jewellery-erp-master\\.next\\server\\app\\[locale]\\(dashboard)\\accounting\\chart\\page.js',
      'I:\\WORK\\jewellery-erp-master\\node_modules\\next\\dist\\server\\require.js',
      'I:\\WORK\\jewellery-erp-master\\node_modules\\next\\dist\\server\\next-server.js',
      'I:\\WORK\\jewellery-erp-master\\node_modules\\next\\dist\\server\\next.js',
      'I:\\WORK\\jewellery-erp-master\\node_modules\\next\\dist\\server\\lib\\start-server.js',
      'I:\\WORK\\jewellery-erp-master\\node_modules\\next\\dist\\cli\\next-start.js'
    ]
  }
}
Error [ChunkLoadError]: Failed to load chunk server/chunks/ssr/_1clh0h0._.js from module 10839
    at Context.loadChunkAsync [as l] (I:\WORK\jewellery-erp-master\.next\server\chunks\ssr\[turbopack]_runtime.js:766:27) {
  digest: '1488191113',
  [cause]: Error: Cannot find module 'I:\WORK\jewellery-erp-master\.next\server\chunks\ssr\_1clh0h0._.js'
  Require stack:
  - I:\WORK\jewellery-erp-master\.next\server\chunks\ssr\[turbopack]_runtime.js
  - I:\WORK\jewellery-erp-master\.next\server\app\[locale]\(dashboard)\accounting\chart\page.js
  - I:\WORK\jewellery-erp-master\node_modules\next\dist\server\require.js
  - I:\WORK\jewellery-erp-master\node_modules\next\dist\server\next-server.js
  - I:\WORK\jewellery-erp-master\node_modules\next\dist\server\next.js
  - I:\WORK\jewellery-erp-master\node_modules\next\dist\server\lib\start-server.js
  - I:\WORK\jewellery-erp-master\node_modules\next\dist\cli\next-start.js
      at ignore-listed frames {
    code: 'MODULE_NOT_FOUND',
    requireStack: [
      'I:\\WORK\\jewellery-erp-master\\.next\\server\\chunks\\ssr\\[turbopack]_runtime.js',
      'I:\\WORK\\jewellery-erp-master\\.next\\server\\app\\[locale]\\(dashboard)\\accounting\\chart\\page.js',
      'I:\\WORK\\jewellery-erp-master\\node_modules\\next\\dist\\server\\require.js',
      'I:\\WORK\\jewellery-erp-master\\node_modules\\next\\dist\\server\\next-server.js',
      'I:\\WORK\\jewellery-erp-master\\node_modules\\next\\dist\\server\\next.js',
      'I:\\WORK\\jewellery-erp-master\\node_modules\\next\\dist\\server\\lib\\start-server.js',
      'I:\\WORK\\jewellery-erp-master\\node_modules\\next\\dist\\cli\\next-start.js'
    ]
  }
}
⨯ unhandledRejection:  Error [ChunkLoadError]: Failed to load chunk server/chunks/ssr/_1clh0h0._.js from module 10839
    at Context.loadChunkAsync [as l] (I:\WORK\jewellery-erp-master\.next\server\chunks\ssr\[turbopack]_runtime.js:766:27) {
  digest: '1488191113',
  [cause]: Error: Cannot find module 'I:\WORK\jewellery-erp-master\.next\server\chunks\ssr\_1clh0h0._.js'
  Require stack:
  - I:\WORK\jewellery-erp-master\.next\server\chunks\ssr\[turbopack]_runtime.js
  - I:\WORK\jewellery-erp-master\.next\server\app\[locale]\(dashboard)\accounting\chart\page.js
  - I:\WORK\jewellery-erp-master\node_modules\next\dist\server\require.js
  - I:\WORK\jewellery-erp-master\node_modules\next\dist\server\next-server.js
  - I:\WORK\jewellery-erp-master\node_modules\next\dist\server\next.js
  - I:\WORK\jewellery-erp-master\node_modules\next\dist\server\lib\start-server.js
  - I:\WORK\jewellery-erp-master\node_modules\next\dist\cli\next-start.js
      at ignore-listed frames {
    code: 'MODULE_NOT_FOUND',
    requireStack: [
      'I:\\WORK\\jewellery-erp-master\\.next\\server\\chunks\\ssr\\[turbopack]_runtime.js',
      'I:\\WORK\\jewellery-erp-master\\.next\\server\\app\\[locale]\\(dashboard)\\accounting\\chart\\page.js',
      'I:\\WORK\\jewellery-erp-master\\node_modules\\next\\dist\\server\\require.js',
      'I:\\WORK\\jewellery-erp-master\\node_modules\\next\\dist\\server\\next-server.js',
      'I:\\WORK\\jewellery-erp-master\\node_modules\\next\\dist\\server\\next.js',
      'I:\\WORK\\jewellery-erp-master\\node_modules\\next\\dist\\server\\lib\\start-server.js',
      'I:\\WORK\\jewellery-erp-master\\node_modules\\next\\dist\\cli\\next-start.js'
    ]
  }
}
Error [ChunkLoadError]: Failed to load chunk server/chunks/ssr/_1clh0h0._.js from module 10839
    at Context.loadChunkAsync [as l] (I:\WORK\jewellery-erp-master\.next\server\chunks\ssr\[turbopack]_runtime.js:766:27) {
  digest: '1488191113',
  [cause]: Error: Cannot find module 'I:\WORK\jewellery-erp-master\.next\server\chunks\ssr\_1clh0h0._.js'
  Require stack:
  - I:\WORK\jewellery-erp-master\.next\server\chunks\ssr\[turbopack]_runtime.js
  - I:\WORK\jewellery-erp-master\.next\server\app\[locale]\(dashboard)\accounting\chart\page.js
  - I:\WORK\jewellery-erp-master\node_modules\next\dist\server\require.js
  - I:\WORK\jewellery-erp-master\node_modules\next\dist\server\next-server.js
  - I:\WORK\jewellery-erp-master\node_modules\next\dist\server\next.js
  - I:\WORK\jewellery-erp-master\node_modules\next\dist\server\lib\start-server.js
  - I:\WORK\jewellery-erp-master\node_modules\next\dist\cli\next-start.js
      at ignore-listed frames {
    code: 'MODULE_NOT_FOUND',
    requireStack: [
      'I:\\WORK\\jewellery-erp-master\\.next\\server\\chunks\\ssr\\[turbopack]_runtime.js',
      'I:\\WORK\\jewellery-erp-master\\.next\\server\\app\\[locale]\\(dashboard)\\accounting\\chart\\page.js',
      'I:\\WORK\\jewellery-erp-master\\node_modules\\next\\dist\\server\\require.js',
      'I:\\WORK\\jewellery-erp-master\\node_modules\\next\\dist\\server\\next-server.js',
      'I:\\WORK\\jewellery-erp-master\\node_modules\\next\\dist\\server\\next.js',
      'I:\\WORK\\jewellery-erp-master\\node_modules\\next\\dist\\server\\lib\\start-server.js',
      'I:\\WORK\\jewellery-erp-master\\node_modules\\next\\dist\\cli\\next-start.js'
    ]
  }
}
⨯ unhandledRejection:  Error [ChunkLoadError]: Failed to load chunk server/chunks/ssr/_1clh0h0._.js from module 10839
    at Context.loadChunkAsync [as l] (I:\WORK\jewellery-erp-master\.next\server\chunks\ssr\[turbopack]_runtime.js:766:27) {
  digest: '1488191113',
  [cause]: Error: Cannot find module 'I:\WORK\jewellery-erp-master\.next\server\chunks\ssr\_1clh0h0._.js'
  Require stack:
  - I:\WORK\jewellery-erp-master\.next\server\chunks\ssr\[turbopack]_runtime.js
  - I:\WORK\jewellery-erp-master\.next\server\app\[locale]\(dashboard)\accounting\chart\page.js
  - I:\WORK\jewellery-erp-master\node_modules\next\dist\server\require.js
  - I:\WORK\jewellery-erp-master\node_modules\next\dist\server\next-server.js
  - I:\WORK\jewellery-erp-master\node_modules\next\dist\server\next.js
  - I:\WORK\jewellery-erp-master\node_modules\next\dist\server\lib\start-server.js
  - I:\WORK\jewellery-erp-master\node_modules\next\dist\cli\next-start.js
      at ignore-listed frames {
    code: 'MODULE_NOT_FOUND',
    requireStack: [
      'I:\\WORK\\jewellery-erp-master\\.next\\server\\chunks\\ssr\\[turbopack]_runtime.js',
      'I:\\WORK\\jewellery-erp-master\\.next\\server\\app\\[locale]\\(dashboard)\\accounting\\chart\\page.js',
      'I:\\WORK\\jewellery-erp-master\\node_modules\\next\\dist\\server\\require.js',
      'I:\\WORK\\jewellery-erp-master\\node_modules\\next\\dist\\server\\next-server.js',
      'I:\\WORK\\jewellery-erp-master\\node_modules\\next\\dist\\server\\next.js',
      'I:\\WORK\\jewellery-erp-master\\node_modules\\next\\dist\\server\\lib\\start-server.js',
      'I:\\WORK\\jewellery-erp-master\\node_modules\\next\\dist\\cli\\next-start.js'
    ]
  }
}
Error [ChunkLoadError]: Failed to load chunk server/chunks/ssr/_1clh0h0._.js from module 10839
    at Context.loadChunkAsync [as l] (I:\WORK\jewellery-erp-master\.next\server\chunks\ssr\[turbopack]_runtime.js:766:27) {
  digest: '1488191113',
  [cause]: Error: Cannot find module 'I:\WORK\jewellery-erp-master\.next\server\chunks\ssr\_1clh0h0._.js'
  Require stack:
  - I:\WORK\jewellery-erp-master\.next\server\chunks\ssr\[turbopack]_runtime.js
  - I:\WORK\jewellery-erp-master\.next\server\app\[locale]\(dashboard)\accounting\chart\page.js
  - I:\WORK\jewellery-erp-master\node_modules\next\dist\server\require.js
  - I:\WORK\jewellery-erp-master\node_modules\next\dist\server\next-server.js
  - I:\WORK\jewellery-erp-master\node_modules\next\dist\server\next.js
  - I:\WORK\jewellery-erp-master\node_modules\next\dist\server\lib\start-server.js
  - I:\WORK\jewellery-erp-master\node_modules\next\dist\cli\next-start.js
      at ignore-listed frames {
    code: 'MODULE_NOT_FOUND',
    requireStack: [
      'I:\\WORK\\jewellery-erp-master\\.next\\server\\chunks\\ssr\\[turbopack]_runtime.js',
      'I:\\WORK\\jewellery-erp-master\\.next\\server\\app\\[locale]\\(dashboard)\\accounting\\chart\\page.js',
      'I:\\WORK\\jewellery-erp-master\\node_modules\\next\\dist\\server\\require.js',
      'I:\\WORK\\jewellery-erp-master\\node_modules\\next\\dist\\server\\next-server.js',
      'I:\\WORK\\jewellery-erp-master\\node_modules\\next\\dist\\server\\next.js',
      'I:\\WORK\\jewellery-erp-master\\node_modules\\next\\dist\\server\\lib\\start-server.js',
      'I:\\WORK\\jewellery-erp-master\\node_modules\\next\\dist\\cli\\next-start.js'
    ]
  }
}
⨯ unhandledRejection:  Error [ChunkLoadError]: Failed to load chunk server/chunks/ssr/_1clh0h0._.js from module 10839
    at Context.loadChunkAsync [as l] (I:\WORK\jewellery-erp-master\.next\server\chunks\ssr\[turbopack]_runtime.js:766:27) {
  digest: '1488191113',
  [cause]: Error: Cannot find module 'I:\WORK\jewellery-erp-master\.next\server\chunks\ssr\_1clh0h0._.js'
  Require stack:
  - I:\WORK\jewellery-erp-master\.next\server\chunks\ssr\[turbopack]_runtime.js
  - I:\WORK\jewellery-erp-master\.next\server\app\[locale]\(dashboard)\accounting\chart\page.js
  - I:\WORK\jewellery-erp-master\node_modules\next\dist\server\require.js
  - I:\WORK\jewellery-erp-master\node_modules\next\dist\server\next-server.js
  - I:\WORK\jewellery-erp-master\node_modules\next\dist\server\next.js
  - I:\WORK\jewellery-erp-master\node_modules\next\dist\server\lib\start-server.js
  - I:\WORK\jewellery-erp-master\node_modules\next\dist\cli\next-start.js
      at ignore-listed frames {
    code: 'MODULE_NOT_FOUND',
    requireStack: [
      'I:\\WORK\\jewellery-erp-master\\.next\\server\\chunks\\ssr\\[turbopack]_runtime.js',
      'I:\\WORK\\jewellery-erp-master\\.next\\server\\app\\[locale]\\(dashboard)\\accounting\\chart\\page.js',
      'I:\\WORK\\jewellery-erp-master\\node_modules\\next\\dist\\server\\require.js',
      'I:\\WORK\\jewellery-erp-master\\node_modules\\next\\dist\\server\\next-server.js',
      'I:\\WORK\\jewellery-erp-master\\node_modules\\next\\dist\\server\\next.js',
      'I:\\WORK\\jewellery-erp-master\\node_modules\\next\\dist\\server\\lib\\start-server.js',
      'I:\\WORK\\jewellery-erp-master\\node_modules\\next\\dist\\cli\\next-start.js'
    ]
  }
}
