
> darfus-jewellery-erp@2.0.0 dev
> next dev

▲ Next.js 16.2.9 (Turbopack)
- Local:         http://localhost:3000
- Network:       http://192.168.137.1:3000
- Environments: .env
✓ Ready in 509ms

 GET /ar/login 200 in 1786ms (next.js: 1074ms, proxy.ts: 277ms, generate-params: 814ms, application-code: 435ms)
 GET /ar/inventory/stock-audit 200 in 556ms (next.js: 455ms, proxy.ts: 8ms, generate-params: 426ms, application-code: 93ms)
 GET /ar/inventory/stock-audit 200 in 89ms (next.js: 14ms, proxy.ts: 9ms, generate-params: 8ms, application-code: 67ms)
 GET /en/inventory/stock-audit 200 in 77ms (next.js: 10ms, proxy.ts: 4ms, generate-params: 5ms, application-code: 63ms)
 GET /ar/inventory/AST-PUR-1787083585731-1-1-plz5 200 in 526ms (next.js: 440ms, proxy.ts: 4ms, application-code: 82ms)
 GET /en/inventory/AST-PUR-1787083585731-1-1-plz5 200 in 97ms (next.js: 15ms, proxy.ts: 4ms, application-code: 78ms)
 GET /ar/inventory/AST-PUR-1787083585731-1-1-plz5 200 in 93ms (next.js: 21ms, proxy.ts: 8ms, application-code: 64ms)
 GET /en/inventory/AST-PUR-1787083585731-1-1-plz5 200 in 89ms (next.js: 16ms, proxy.ts: 5ms, application-code: 68ms)
 GET /ar/inventory/stock-audit 200 in 88ms (next.js: 14ms, proxy.ts: 4ms, generate-params: 8ms, application-code: 69ms)
 GET /en/inventory/stock-audit 200 in 102ms (next.js: 15ms, proxy.ts: 7ms, generate-params: 9ms, application-code: 80ms)
 GET /en/inventory/stock-audit 200 in 82ms (next.js: 13ms, proxy.ts: 3ms, generate-params: 5ms, application-code: 66ms)
 GET /ar/pos 200 in 1077ms (next.js: 901ms, proxy.ts: 8ms, generate-params: 496ms, application-code: 167ms)
 GET /en/pos 200 in 84ms (next.js: 15ms, proxy.ts: 6ms, generate-params: 7ms, application-code: 63ms)
✓ Compiled in 1858ms
 GET /en/pos 200 in 490ms (next.js: 299ms, proxy.ts: 100ms, generate-params: 7ms, application-code: 91ms)
 GET /ar/login 200 in 498ms (next.js: 125ms, proxy.ts: 98ms, generate-params: 6ms, application-code: 275ms)
✓ Compiled in 803ms
 GET /en/pos 200 in 350ms (next.js: 152ms, proxy.ts: 82ms, generate-params: 6ms, application-code: 116ms)
 GET /ar/login 200 in 354ms (next.js: 225ms, proxy.ts: 84ms, generate-params: 7ms, application-code: 45ms)
✓ Compiled in 148ms
 GET /en/pos 200 in 295ms (next.js: 88ms, proxy.ts: 85ms, generate-params: 6ms, application-code: 122ms)
 GET /ar/login 200 in 298ms (next.js: 158ms, proxy.ts: 86ms, generate-params: 7ms, application-code: 54ms)
 GET /ar/dashboard 200 in 499ms (next.js: 447ms, proxy.ts: 5ms, generate-params: 409ms, application-code: 47ms)
 GET /ar/dashboard 200 in 66ms (next.js: 32ms, proxy.ts: 5ms, generate-params: 11ms, application-code: 29ms)
 GET /ar/pos 200 in 39ms (next.js: 12ms, proxy.ts: 3ms, generate-params: 6ms, application-code: 23ms)
 GET /ar/customers 200 in 753ms (next.js: 726ms, proxy.ts: 3ms, generate-params: 461ms, application-code: 23ms)
 GET /ar/inventory 200 in 461ms (next.js: 430ms, proxy.ts: 4ms, generate-params: 406ms, application-code: 27ms)
 GET /ar/customers 200 in 43ms (next.js: 14ms, proxy.ts: 4ms, generate-params: 8ms, application-code: 25ms)
 GET /ar/sales 200 in 819ms (next.js: 783ms, proxy.ts: 3ms, generate-params: 425ms, application-code: 33ms)
 GET /ar/sales 200 in 47ms (next.js: 19ms, proxy.ts: 4ms, generate-params: 6ms, application-code: 24ms)
 GET /ar/customers 200 in 37ms (next.js: 11ms, proxy.ts: 4ms, generate-params: 7ms, application-code: 21ms)
 GET /ar/pos 200 in 308ms (next.js: 15ms, proxy.ts: 4ms, generate-params: 9ms, application-code: 289ms)
 GET /en/pos 200 in 86ms (next.js: 16ms, proxy.ts: 5ms, generate-params: 6ms, application-code: 66ms)
 GET /ar/pos 200 in 84ms (next.js: 12ms, proxy.ts: 4ms, generate-params: 6ms, application-code: 68ms)
 GET /en/pos 200 in 91ms (next.js: 14ms, proxy.ts: 3ms, generate-params: 9ms, application-code: 73ms)
 GET /ar/customers 200 in 25ms (next.js: 12ms, proxy.ts: 3ms, generate-params: 7ms, application-code: 10ms)
 GET /ar/customers 200 in 30ms (next.js: 5ms, proxy.ts: 4ms, generate-params: 47µs, application-code: 21ms)
 GET /ar/pos 200 in 36ms (next.js: 9ms, proxy.ts: 3ms, generate-params: 6ms, application-code: 24ms)
 GET /ar/customers 200 in 35ms (next.js: 10ms, proxy.ts: 3ms, generate-params: 5ms, application-code: 22ms)
 GET /ar/pos 200 in 34ms (next.js: 11ms, proxy.ts: 4ms, generate-params: 7ms, application-code: 19ms)
 GET /ar/customers 200 in 35ms (next.js: 11ms, proxy.ts: 3ms, generate-params: 5ms, application-code: 20ms)
 GET /ar/customers 200 in 20ms (next.js: 10ms, proxy.ts: 3ms, generate-params: 6ms, application-code: 7ms)
 GET /ar/customers 200 in 27ms (next.js: 4ms, proxy.ts: 4ms, generate-params: 20µs, application-code: 18ms)
 GET /ar/pos 200 in 36ms (next.js: 12ms, proxy.ts: 3ms, generate-params: 5ms, application-code: 21ms)
 GET /ar/customers 200 in 37ms (next.js: 11ms, proxy.ts: 4ms, generate-params: 7ms, application-code: 22ms)
 GET /en/pos 200 in 114ms (next.js: 15ms, proxy.ts: 6ms, generate-params: 6ms, application-code: 92ms)
 GET /en/customers 200 in 141ms (next.js: 15ms, proxy.ts: 6ms, generate-params: 7ms, application-code: 120ms)
 GET /en/pos 200 in 110ms (next.js: 16ms, proxy.ts: 4ms, generate-params: 7ms, application-code: 89ms)
 GET /en/pos 200 in 77ms (next.js: 13ms, proxy.ts: 4ms, generate-params: 6ms, application-code: 60ms)
 GET /en/dashboard 200 in 167ms (next.js: 12ms, proxy.ts: 5ms, generate-params: 6ms, application-code: 151ms)
 GET /ar/dashboard 200 in 92ms (next.js: 12ms, proxy.ts: 7ms, generate-params: 7ms, application-code: 74ms)
 GET /ar/dashboard 200 in 82ms (next.js: 14ms, proxy.ts: 4ms, generate-params: 6ms, application-code: 64ms)
 GET /ar/inventory 200 in 85ms (next.js: 12ms, proxy.ts: 4ms, generate-params: 6ms, application-code: 69ms)
 GET /ar/inventory/transfers 200 in 517ms (next.js: 440ms, proxy.ts: 4ms, generate-params: 408ms, application-code: 73ms)
 GET /ar/inventory/workshop 200 in 477ms (next.js: 419ms, proxy.ts: 3ms, generate-params: 393ms, application-code: 55ms)
 GET /ar/inventory/stock-audit 200 in 77ms (next.js: 17ms, proxy.ts: 3ms, generate-params: 6ms, application-code: 58ms)
 GET /ar/pos 200 in 81ms (next.js: 13ms, proxy.ts: 4ms, generate-params: 7ms, application-code: 64ms)
 GET /ar/customers 200 in 69ms (next.js: 10ms, proxy.ts: 3ms, generate-params: 5ms, application-code: 56ms)
 GET /en/dashboard 200 in 63ms (next.js: 9ms, proxy.ts: 3ms, generate-params: 5ms, application-code: 51ms)
 GET /en/inventory 200 in 81ms (next.js: 17ms, proxy.ts: 7ms, generate-params: 9ms, application-code: 57ms)
 GET /en/inventory/transfers 200 in 76ms (next.js: 9ms, proxy.ts: 3ms, generate-params: 5ms, application-code: 64ms)
 GET /en/inventory/workshop 200 in 60ms (next.js: 9ms, proxy.ts: 3ms, generate-params: 5ms, application-code: 48ms)
 GET /en/inventory/stock-audit 200 in 76ms (next.js: 13ms, proxy.ts: 3ms, generate-params: 7ms, application-code: 60ms)
 GET /en/pos 200 in 80ms (next.js: 10ms, proxy.ts: 4ms, generate-params: 5ms, application-code: 67ms)
 GET /en/customers 200 in 65ms (next.js: 9ms, proxy.ts: 3ms, generate-params: 5ms, application-code: 53ms)
 GET /ar/settings 200 in 552ms (next.js: 458ms, proxy.ts: 4ms, generate-params: 422ms, application-code: 91ms)
 GET /ar/employees 200 in 528ms (next.js: 461ms, proxy.ts: 3ms, generate-params: 412ms, application-code: 65ms)
 GET /en/settings 200 in 90ms (next.js: 17ms, proxy.ts: 6ms, generate-params: 12ms, application-code: 66ms)
 GET /en/employees 200 in 74ms (next.js: 11ms, proxy.ts: 4ms, generate-params: 6ms, application-code: 59ms)
 GET /ar/login 200 in 39ms (next.js: 13ms, proxy.ts: 4ms, generate-params: 7ms, application-code: 22ms)
 GET /ar/login 200 in 27ms (next.js: 5ms, proxy.ts: 6ms, generate-params: 18µs, application-code: 15ms)
 GET /en/dashboard 200 in 62ms (next.js: 10ms, proxy.ts: 3ms, generate-params: 5ms, application-code: 49ms)
 GET /en/dashboard 200 in 62ms (next.js: 10ms, proxy.ts: 3ms, generate-params: 6ms, application-code: 49ms)
 GET /ar/dashboard 200 in 102ms (next.js: 19ms, proxy.ts: 8ms, generate-params: 12ms, application-code: 74ms)
 GET /ar/dashboard 200 in 78ms (next.js: 13ms, proxy.ts: 4ms, generate-params: 7ms, application-code: 61ms)
 GET /ar/inventory 200 in 129ms (next.js: 15ms, proxy.ts: 6ms, generate-params: 7ms, application-code: 108ms)
 GET /ar/inventory/1 200 in 174ms (next.js: 27ms, proxy.ts: 4ms, application-code: 143ms)
 GET /ar/inventory/transfers 200 in 132ms (next.js: 18ms, proxy.ts: 8ms, generate-params: 8ms, application-code: 106ms)
 GET /ar/inventory/workshop 200 in 116ms (next.js: 12ms, proxy.ts: 4ms, generate-params: 6ms, application-code: 100ms)
 GET /ar/inventory/stock-audit 200 in 120ms (next.js: 16ms, proxy.ts: 3ms, generate-params: 9ms, application-code: 101ms)
 GET /ar/pos 200 in 108ms (next.js: 14ms, proxy.ts: 6ms, generate-params: 8ms, application-code: 87ms)
 GET /ar/customers 200 in 114ms (next.js: 13ms, proxy.ts: 8ms, generate-params: 8ms, application-code: 93ms)
 GET /ar/suppliers 200 in 929ms (next.js: 867ms, proxy.ts: 4ms, generate-params: 473ms, application-code: 57ms)
 GET /ar/settings 200 in 103ms (next.js: 13ms, proxy.ts: 3ms, generate-params: 7ms, application-code: 87ms)
 GET /ar/employees 200 in 99ms (next.js: 13ms, proxy.ts: 5ms, generate-params: 8ms, application-code: 81ms)
 GET /ar/accounting 200 in 678ms (next.js: 596ms, proxy.ts: 4ms, generate-params: 558ms, application-code: 78ms)
 GET /en/dashboard 200 in 88ms (next.js: 13ms, proxy.ts: 3ms, generate-params: 7ms, application-code: 71ms)
 GET /en/inventory 200 in 104ms (next.js: 21ms, proxy.ts: 7ms, generate-params: 11ms, application-code: 77ms)
 GET /en/inventory/1 200 in 116ms (next.js: 18ms, proxy.ts: 6ms, application-code: 92ms)
 GET /en/inventory/transfers 200 in 117ms (next.js: 13ms, proxy.ts: 11ms, generate-params: 7ms, application-code: 93ms)
 GET /en/inventory/workshop 200 in 113ms (next.js: 18ms, proxy.ts: 9ms, generate-params: 11ms, application-code: 86ms)
 GET /en/inventory/stock-audit 200 in 107ms (next.js: 13ms, proxy.ts: 4ms, generate-params: 6ms, application-code: 90ms)
 GET /en/pos 200 in 113ms (next.js: 15ms, proxy.ts: 5ms, generate-params: 8ms, application-code: 93ms)
 GET /en/customers 200 in 142ms (next.js: 13ms, proxy.ts: 6ms, generate-params: 8ms, application-code: 123ms)
 GET /en/suppliers 200 in 110ms (next.js: 14ms, proxy.ts: 5ms, generate-params: 7ms, application-code: 92ms)
 GET /en/settings 200 in 103ms (next.js: 15ms, proxy.ts: 4ms, generate-params: 10ms, application-code: 84ms)
 GET /en/employees 200 in 117ms (next.js: 16ms, proxy.ts: 3ms, generate-params: 10ms, application-code: 98ms)
 GET /en/accounting 200 in 150ms (next.js: 17ms, proxy.ts: 4ms, generate-params: 9ms, application-code: 128ms)
✓ Compiled in 1507ms
 GET /ar/login 200 in 202ms (next.js: 76ms, proxy.ts: 57ms, generate-params: 6ms, application-code: 69ms)
 GET /en/pos 200 in 322ms (next.js: 77ms, proxy.ts: 4ms, generate-params: 6ms, application-code: 241ms)
 GET /ar/pos 200 in 79ms (next.js: 23ms, proxy.ts: 4ms, generate-params: 24µs, application-code: 52ms)
 GET /en/pos 200 in 59ms (next.js: 9ms, proxy.ts: 3ms, generate-params: 5ms, application-code: 46ms)
 GET /ar/pos 200 in 54ms (next.js: 4ms, proxy.ts: 3ms, generate-params: 21µs, application-code: 46ms)
 GET /ar/pos 200 in 72ms (next.js: 12ms, proxy.ts: 6ms, generate-params: 7ms, application-code: 54ms)
 GET /en/pos 200 in 63ms (next.js: 10ms, proxy.ts: 4ms, generate-params: 5ms, application-code: 49ms)
 GET /ar/pos 200 in 98ms (next.js: 17ms, proxy.ts: 8ms, generate-params: 10ms, application-code: 73ms)
✓ Compiled in 168ms
 GET /ar/login 200 in 340ms (next.js: 77ms, proxy.ts: 54ms, generate-params: 5ms, application-code: 209ms)
 GET /ar/pos 200 in 341ms (next.js: 225ms, proxy.ts: 55ms, generate-params: 5ms, application-code: 62ms)
 GET /en/pos 200 in 237ms (next.js: 14ms, proxy.ts: 4ms, generate-params: 9ms, application-code: 220ms)
 GET /ar/pos 200 in 68ms (next.js: 13ms, proxy.ts: 4ms, generate-params: 6ms, application-code: 51ms)
 GET /en/dashboard 200 in 172ms (next.js: 20ms, proxy.ts: 6ms, generate-params: 6ms, application-code: 146ms)
 GET /en/dashboard 200 in 66ms (next.js: 11ms, proxy.ts: 4ms, generate-params: 6ms, application-code: 51ms)
 GET /en/pos 200 in 76ms (next.js: 12ms, proxy.ts: 3ms, generate-params: 8ms, application-code: 60ms)
 GET /en/sales 200 in 138ms (next.js: 16ms, proxy.ts: 3ms, generate-params: 5ms, application-code: 120ms)
 GET /en/customers 200 in 87ms (next.js: 16ms, proxy.ts: 4ms, generate-params: 5ms, application-code: 66ms)
 GET /en/sales/customer-gold/drafts 200 in 867ms (next.js: 793ms, proxy.ts: 3ms, generate-params: 401ms, application-code: 70ms)
 GET /en/inventory 200 in 89ms (next.js: 17ms, proxy.ts: 3ms, generate-params: 5ms, application-code: 69ms)
 GET /en/inventory/transfers 200 in 91ms (next.js: 16ms, proxy.ts: 4ms, generate-params: 5ms, application-code: 72ms)
 GET /en/inventory/workshop 200 in 75ms (next.js: 16ms, proxy.ts: 3ms, generate-params: 5ms, application-code: 56ms)
 GET /en/inventory/stock-audit 200 in 78ms (next.js: 16ms, proxy.ts: 3ms, generate-params: 6ms, application-code: 58ms)
 GET /en/gold-center 200 in 534ms (next.js: 464ms, proxy.ts: 3ms, generate-params: 414ms, application-code: 67ms)
 GET /en/suppliers 200 in 100ms (next.js: 26ms, proxy.ts: 3ms, generate-params: 9ms, application-code: 71ms)
 GET /en/accounting 200 in 97ms (next.js: 15ms, proxy.ts: 3ms, generate-params: 5ms, application-code: 79ms)
 GET /en/accounting/chart 200 in 555ms (next.js: 499ms, proxy.ts: 3ms, generate-params: 425ms, application-code: 53ms)
 GET /en/accounting/reports 200 in 499ms (next.js: 437ms, proxy.ts: 3ms, generate-params: 413ms, application-code: 59ms)
 GET /en/accounting/treasury 200 in 501ms (next.js: 443ms, proxy.ts: 3ms, generate-params: 398ms, application-code: 55ms)
 GET /en/reports 200 in 490ms (next.js: 431ms, proxy.ts: 4ms, generate-params: 404ms, application-code: 55ms)
 GET /en/employees 200 in 75ms (next.js: 16ms, proxy.ts: 3ms, generate-params: 6ms, application-code: 55ms)
 GET /en/settings/users 200 in 481ms (next.js: 419ms, proxy.ts: 3ms, generate-params: 398ms, application-code: 59ms)
 GET /en/audit 200 in 501ms (next.js: 449ms, proxy.ts: 3ms, generate-params: 410ms, application-code: 49ms)
 GET /en/approvals 200 in 550ms (next.js: 483ms, proxy.ts: 3ms, generate-params: 418ms, application-code: 64ms)
 GET /en/settings 200 in 104ms (next.js: 17ms, proxy.ts: 3ms, generate-params: 6ms, application-code: 84ms)
 GET /ar/dashboard 200 in 63ms (next.js: 11ms, proxy.ts: 3ms, generate-params: 6ms, application-code: 49ms)
 GET /ar/pos 200 in 70ms (next.js: 10ms, proxy.ts: 4ms, generate-params: 6ms, application-code: 56ms)
 GET /ar/sales 200 in 59ms (next.js: 9ms, proxy.ts: 3ms, generate-params: 5ms, application-code: 46ms)
 GET /ar/customers 200 in 66ms (next.js: 11ms, proxy.ts: 3ms, generate-params: 6ms, application-code: 51ms)
 GET /ar/sales/customer-gold/drafts 200 in 74ms (next.js: 10ms, proxy.ts: 3ms, generate-params: 6ms, application-code: 61ms)
 GET /ar/inventory 200 in 65ms (next.js: 10ms, proxy.ts: 3ms, generate-params: 6ms, application-code: 53ms)
 GET /ar/inventory/transfers 200 in 64ms (next.js: 11ms, proxy.ts: 4ms, generate-params: 7ms, application-code: 49ms)
 GET /ar/inventory/workshop 200 in 65ms (next.js: 10ms, proxy.ts: 3ms, generate-params: 5ms, application-code: 52ms)
 GET /ar/inventory/stock-audit 200 in 66ms (next.js: 11ms, proxy.ts: 3ms, generate-params: 6ms, application-code: 52ms)
 GET /ar/gold-center 200 in 69ms (next.js: 9ms, proxy.ts: 3ms, generate-params: 5ms, application-code: 57ms)
 GET /ar/suppliers 200 in 74ms (next.js: 11ms, proxy.ts: 3ms, generate-params: 7ms, application-code: 60ms)
 GET /ar/accounting 200 in 69ms (next.js: 12ms, proxy.ts: 3ms, generate-params: 7ms, application-code: 54ms)
 GET /ar/accounting/chart 200 in 70ms (next.js: 9ms, proxy.ts: 3ms, generate-params: 5ms, application-code: 58ms)
 GET /ar/accounting/reports 200 in 70ms (next.js: 10ms, proxy.ts: 3ms, generate-params: 6ms, application-code: 57ms)
 GET /ar/accounting/treasury 200 in 78ms (next.js: 10ms, proxy.ts: 3ms, generate-params: 5ms, application-code: 65ms)
 GET /ar/reports 200 in 65ms (next.js: 9ms, proxy.ts: 3ms, generate-params: 5ms, application-code: 53ms)
 GET /ar/employees 200 in 64ms (next.js: 9ms, proxy.ts: 3ms, generate-params: 5ms, application-code: 52ms)
 GET /ar/settings/users 200 in 71ms (next.js: 11ms, proxy.ts: 3ms, generate-params: 5ms, application-code: 58ms)
 GET /ar/audit 200 in 67ms (next.js: 9ms, proxy.ts: 3ms, generate-params: 5ms, application-code: 56ms)
 GET /ar/approvals 200 in 67ms (next.js: 10ms, proxy.ts: 3ms, generate-params: 6ms, application-code: 53ms)
 GET /ar/settings 200 in 102ms (next.js: 16ms, proxy.ts: 3ms, generate-params: 12ms, application-code: 82ms)
 GET /en/inventory/gold-by-weight 200 in 497ms (next.js: 426ms, proxy.ts: 5ms, generate-params: 395ms, application-code: 65ms)
 GET /en/inventory/gold-by-piece 200 in 485ms (next.js: 425ms, proxy.ts: 3ms, generate-params: 398ms, application-code: 58ms)
 GET /en/inventory/diamond-jewellery 200 in 494ms (next.js: 433ms, proxy.ts: 3ms, generate-params: 391ms, application-code: 58ms)
 GET /en/inventory/loose-diamond 200 in 506ms (next.js: 449ms, proxy.ts: 3ms, generate-params: 424ms, application-code: 54ms)
 GET /en/inventory/gem-stone 200 in 484ms (next.js: 424ms, proxy.ts: 3ms, generate-params: 399ms, application-code: 57ms)
 GET /en/inventory/loose-gem-stone 200 in 488ms (next.js: 425ms, proxy.ts: 3ms, generate-params: 404ms, application-code: 60ms)
 GET /en/inventory/pearl 200 in 496ms (next.js: 436ms, proxy.ts: 3ms, generate-params: 394ms, application-code: 57ms)
 GET /en/inventory/loose-pearl 200 in 475ms (next.js: 420ms, proxy.ts: 3ms, generate-params: 401ms, application-code: 52ms)
 GET /en/inventory/locations 200 in 494ms (next.js: 430ms, proxy.ts: 3ms, generate-params: 408ms, application-code: 61ms)
○ Compiling /[locale]/inventory/adjustments ...
 GET /en/inventory/adjustments 200 in 5.0s (next.js: 4.9s, proxy.ts: 3ms, generate-params: 421ms, application-code: 66ms)
 GET /en/inventory/manufacturing 200 in 1201ms (next.js: 1134ms, proxy.ts: 3ms, generate-params: 417ms, application-code: 64ms)
 GET /en/suppliers/purchases 200 in 537ms (next.js: 472ms, proxy.ts: 3ms, generate-params: 421ms, application-code: 61ms)
 GET /en/inventory 200 in 55ms (next.js: 15ms, proxy.ts: 4ms, generate-params: 5ms, application-code: 35ms)
 GET /en/inventory 200 in 40ms (next.js: 7ms, proxy.ts: 4ms, generate-params: 118µs, application-code: 29ms)
 GET /en/suppliers/investment-gold 200 in 490ms (next.js: 430ms, proxy.ts: 3ms, generate-params: 390ms, application-code: 57ms)
 GET /en/sales/reservations 200 in 512ms (next.js: 446ms, proxy.ts: 3ms, generate-params: 396ms, application-code: 64ms)
 GET /en/sales/search-print 200 in 2.3s (next.js: 2.2s, proxy.ts: 3ms, generate-params: 418ms, application-code: 76ms)
 GET /en/sales/returns 200 in 1411ms (next.js: 1161ms, proxy.ts: 3ms, generate-params: 424ms, application-code: 247ms)
 GET /en/sales/exchanges 200 in 1152ms (next.js: 1094ms, proxy.ts: 3ms, generate-params: 433ms, application-code: 55ms)
 GET /en/settings/tax 200 in 485ms (next.js: 429ms, proxy.ts: 3ms, generate-params: 406ms, application-code: 53ms)
 GET /en/settings/barcode-codes 200 in 804ms (next.js: 741ms, proxy.ts: 3ms, generate-params: 577ms, application-code: 59ms)
 GET /en/settings/onboarding 200 in 686ms (next.js: 478ms, proxy.ts: 4ms, generate-params: 431ms, application-code: 205ms)
 GET /en/dashboard 200 in 61ms (next.js: 10ms, proxy.ts: 6ms, generate-params: 5ms, application-code: 46ms)
 GET /en/inventory/gold-by-weight 200 in 65ms (next.js: 11ms, proxy.ts: 3ms, generate-params: 6ms, application-code: 51ms)
 GET /en/inventory/gold-by-piece 200 in 63ms (next.js: 9ms, proxy.ts: 3ms, generate-params: 5ms, application-code: 50ms)
 GET /en/inventory/diamond-jewellery 200 in 74ms (next.js: 10ms, proxy.ts: 3ms, generate-params: 5ms, application-code: 62ms)
 GET /en/inventory/loose-diamond 200 in 82ms (next.js: 10ms, proxy.ts: 3ms, generate-params: 5ms, application-code: 69ms)
 GET /en/inventory/gem-stone 200 in 59ms (next.js: 9ms, proxy.ts: 3ms, generate-params: 5ms, application-code: 48ms)
 GET /en/inventory/loose-gem-stone 200 in 60ms (next.js: 9ms, proxy.ts: 3ms, generate-params: 5ms, application-code: 48ms)
 GET /en/inventory/pearl 200 in 62ms (next.js: 9ms, proxy.ts: 3ms, generate-params: 5ms, application-code: 50ms)
 GET /en/inventory/loose-pearl 200 in 66ms (next.js: 9ms, proxy.ts: 3ms, generate-params: 5ms, application-code: 54ms)
 GET /en/inventory/locations 200 in 66ms (next.js: 11ms, proxy.ts: 3ms, generate-params: 5ms, application-code: 52ms)
 GET /en/inventory/adjustments 200 in 67ms (next.js: 12ms, proxy.ts: 3ms, generate-params: 5ms, application-code: 52ms)
 GET /en/inventory/manufacturing 200 in 66ms (next.js: 10ms, proxy.ts: 3ms, generate-params: 5ms, application-code: 53ms)
 GET /en/suppliers/purchases 200 in 66ms (next.js: 10ms, proxy.ts: 3ms, generate-params: 5ms, application-code: 54ms)
 GET /en/inventory 200 in 41ms (next.js: 10ms, proxy.ts: 4ms, generate-params: 5ms, application-code: 28ms)
 GET /en/inventory 200 in 32ms (next.js: 9ms, proxy.ts: 5ms, generate-params: 21µs, application-code: 18ms)
 GET /en/suppliers/investment-gold 200 in 76ms (next.js: 10ms, proxy.ts: 3ms, generate-params: 6ms, application-code: 62ms)
 GET /en/sales/reservations 200 in 93ms (next.js: 15ms, proxy.ts: 3ms, generate-params: 8ms, application-code: 75ms)
 GET /en/sales/search-print 200 in 77ms (next.js: 10ms, proxy.ts: 4ms, generate-params: 5ms, application-code: 64ms)
 GET /en/sales/returns 200 in 60ms (next.js: 10ms, proxy.ts: 3ms, generate-params: 5ms, application-code: 48ms)
 GET /en/sales/exchanges 200 in 58ms (next.js: 10ms, proxy.ts: 3ms, generate-params: 6ms, application-code: 46ms)
 GET /en/settings/tax 200 in 61ms (next.js: 10ms, proxy.ts: 3ms, generate-params: 6ms, application-code: 48ms)
 GET /en/settings/barcode-codes 200 in 84ms (next.js: 10ms, proxy.ts: 3ms, generate-params: 6ms, application-code: 71ms)
 GET /en/settings/onboarding 200 in 64ms (next.js: 11ms, proxy.ts: 3ms, generate-params: 5ms, application-code: 50ms)
 GET /ar/inventory/gold-by-weight 200 in 71ms (next.js: 11ms, proxy.ts: 3ms, generate-params: 6ms, application-code: 57ms)
 GET /ar/inventory/gold-by-piece 200 in 68ms (next.js: 10ms, proxy.ts: 3ms, generate-params: 6ms, application-code: 55ms)
 GET /ar/inventory/diamond-jewellery 200 in 68ms (next.js: 9ms, proxy.ts: 3ms, generate-params: 5ms, application-code: 56ms)
 GET /ar/inventory/loose-diamond 200 in 65ms (next.js: 9ms, proxy.ts: 3ms, generate-params: 5ms, application-code: 52ms)
 GET /ar/inventory/gem-stone 200 in 83ms (next.js: 11ms, proxy.ts: 4ms, generate-params: 6ms, application-code: 69ms)
 GET /ar/inventory/loose-gem-stone 200 in 61ms (next.js: 9ms, proxy.ts: 3ms, generate-params: 5ms, application-code: 49ms)
 GET /ar/inventory/pearl 200 in 62ms (next.js: 9ms, proxy.ts: 3ms, generate-params: 5ms, application-code: 51ms)
 GET /ar/inventory/loose-pearl 200 in 61ms (next.js: 9ms, proxy.ts: 3ms, generate-params: 5ms, application-code: 49ms)
 GET /ar/inventory/locations 200 in 70ms (next.js: 9ms, proxy.ts: 3ms, generate-params: 5ms, application-code: 58ms)
 GET /ar/inventory/adjustments 200 in 68ms (next.js: 11ms, proxy.ts: 3ms, generate-params: 6ms, application-code: 54ms)
 GET /ar/inventory/manufacturing 200 in 64ms (next.js: 9ms, proxy.ts: 3ms, generate-params: 5ms, application-code: 51ms)
 GET /ar/suppliers/purchases 200 in 61ms (next.js: 9ms, proxy.ts: 3ms, generate-params: 5ms, application-code: 49ms)
 GET /ar/inventory 200 in 62ms (next.js: 10ms, proxy.ts: 5ms, generate-params: 5ms, application-code: 47ms)
 GET /ar/inventory 200 in 35ms (next.js: 8ms, proxy.ts: 8ms, generate-params: 20µs, application-code: 19ms)
 GET /ar/suppliers/investment-gold 200 in 75ms (next.js: 10ms, proxy.ts: 3ms, generate-params: 5ms, application-code: 62ms)
 GET /ar/sales/reservations 200 in 65ms (next.js: 9ms, proxy.ts: 3ms, generate-params: 5ms, application-code: 53ms)
 GET /ar/sales/search-print 200 in 75ms (next.js: 13ms, proxy.ts: 4ms, generate-params: 7ms, application-code: 58ms)
 GET /ar/sales/returns 200 in 74ms (next.js: 9ms, proxy.ts: 3ms, generate-params: 5ms, application-code: 62ms)
 GET /ar/sales/exchanges 200 in 62ms (next.js: 9ms, proxy.ts: 3ms, generate-params: 5ms, application-code: 50ms)
 GET /ar/settings/tax 200 in 68ms (next.js: 10ms, proxy.ts: 3ms, generate-params: 5ms, application-code: 55ms)
 GET /ar/settings/barcode-codes 200 in 67ms (next.js: 9ms, proxy.ts: 3ms, generate-params: 5ms, application-code: 55ms)
 GET /ar/settings/onboarding 200 in 68ms (next.js: 9ms, proxy.ts: 3ms, generate-params: 5ms, application-code: 56ms)
 GET /en/gold-center/live-prices 200 in 2.5s (next.js: 2.4s, proxy.ts: 3ms, generate-params: 500ms, application-code: 77ms)
 GET /en/gold-center/price-history 200 in 1201ms (next.js: 1147ms, proxy.ts: 3ms, generate-params: 470ms, application-code: 51ms)
 GET /en/gold-center/pricing-rules 200 in 574ms (next.js: 510ms, proxy.ts: 6ms, generate-params: 439ms, application-code: 57ms)
 GET /en/gold-center/settings/market-data 200 in 487ms (next.js: 433ms, proxy.ts: 3ms, generate-params: 371ms, application-code: 52ms)
 GET /en/sales/customer-gold/history 200 in 487ms (next.js: 427ms, proxy.ts: 3ms, generate-params: 374ms, application-code: 57ms)
 GET /en/reports/inventory-valuation 200 in 1102ms (next.js: 1051ms, proxy.ts: 3ms, generate-params: 379ms, application-code: 49ms)
 GET /en/reports/exports 200 in 2.1s (next.js: 1845ms, proxy.ts: 3ms, generate-params: 410ms, application-code: 226ms)
 GET /en/customers/loyalty 200 in 548ms (next.js: 480ms, proxy.ts: 4ms, generate-params: 394ms, application-code: 64ms)
 GET /en/employees/payroll 200 in 1569ms (next.js: 1501ms, proxy.ts: 3ms, generate-params: 633ms, application-code: 65ms)
 GET /en/sales/gift-vouchers 200 in 1443ms (next.js: 1378ms, proxy.ts: 3ms, generate-params: 385ms, application-code: 61ms)
 GET /en/sales/installments 200 in 508ms (next.js: 444ms, proxy.ts: 3ms, generate-params: 393ms, application-code: 61ms)
 GET /en/notifications 200 in 1121ms (next.js: 1070ms, proxy.ts: 3ms, generate-params: 375ms, application-code: 48ms)
 GET /ar/gold-center/live-prices 200 in 91ms (next.js: 24ms, proxy.ts: 6ms, generate-params: 12ms, application-code: 60ms)
 GET /ar/gold-center/price-history 200 in 100ms (next.js: 15ms, proxy.ts: 10ms, generate-params: 8ms, application-code: 75ms)
 GET /ar/gold-center/pricing-rules 200 in 112ms (next.js: 17ms, proxy.ts: 7ms, generate-params: 8ms, application-code: 88ms)
 GET /ar/gold-center/settings/market-data 200 in 78ms (next.js: 10ms, proxy.ts: 3ms, generate-params: 5ms, application-code: 65ms)
 GET /ar/sales/customer-gold/history 200 in 68ms (next.js: 11ms, proxy.ts: 3ms, generate-params: 6ms, application-code: 54ms)
 GET /ar/reports/inventory-valuation 200 in 77ms (next.js: 13ms, proxy.ts: 3ms, generate-params: 6ms, application-code: 61ms)
 GET /ar/reports/exports 200 in 89ms (next.js: 21ms, proxy.ts: 4ms, generate-params: 11ms, application-code: 64ms)
 GET /ar/customers/loyalty 200 in 76ms (next.js: 9ms, proxy.ts: 3ms, generate-params: 5ms, application-code: 64ms)
 GET /ar/employees/payroll 200 in 76ms (next.js: 12ms, proxy.ts: 3ms, generate-params: 6ms, application-code: 61ms)
 GET /ar/sales/gift-vouchers 200 in 70ms (next.js: 11ms, proxy.ts: 4ms, generate-params: 5ms, application-code: 54ms)
 GET /ar/sales/installments 200 in 68ms (next.js: 10ms, proxy.ts: 3ms, generate-params: 5ms, application-code: 55ms)
 GET /ar/notifications 200 in 72ms (next.js: 12ms, proxy.ts: 4ms, generate-params: 7ms, application-code: 56ms)
 GET /en/notifications 200 in 66ms (next.js: 11ms, proxy.ts: 3ms, generate-params: 7ms, application-code: 51ms)
 GET /en/inventory 200 in 74ms (next.js: 10ms, proxy.ts: 3ms, generate-params: 6ms, application-code: 62ms)
 GET /ar/inventory 200 in 82ms (next.js: 11ms, proxy.ts: 3ms, generate-params: 6ms, application-code: 68ms)
 GET /en/pos 200 in 104ms (next.js: 11ms, proxy.ts: 3ms, generate-params: 6ms, application-code: 90ms)
 GET /ar/pos 200 in 68ms (next.js: 11ms, proxy.ts: 4ms, generate-params: 6ms, application-code: 53ms)
 GET /en/suppliers 200 in 66ms (next.js: 12ms, proxy.ts: 3ms, generate-params: 7ms, application-code: 51ms)
 GET /en/suppliers/SUP-002 200 in 799ms (next.js: 625ms, proxy.ts: 4ms, application-code: 170ms)
 GET /ar/suppliers/SUP-002 200 in 73ms (next.js: 10ms, proxy.ts: 3ms, application-code: 60ms)
 GET /en/inventory/AST-PUR-1787434485744-1-1-9kp0 200 in 85ms (next.js: 18ms, proxy.ts: 3ms, application-code: 65ms)
 GET /ar/inventory/AST-PUR-1787434485744-1-1-9kp0 200 in 66ms (next.js: 10ms, proxy.ts: 3ms, application-code: 53ms)
 GET /en/dashboard 200 in 72ms (next.js: 10ms, proxy.ts: 3ms, generate-params: 6ms, application-code: 59ms)
 GET /en/inventory 200 in 61ms (next.js: 9ms, proxy.ts: 3ms, generate-params: 5ms, application-code: 49ms)
 GET /en/pos 200 in 67ms (next.js: 10ms, proxy.ts: 3ms, generate-params: 6ms, application-code: 54ms)
 GET /en/gold-center 200 in 70ms (next.js: 11ms, proxy.ts: 3ms, generate-params: 5ms, application-code: 56ms)
 GET /en/suppliers 200 in 63ms (next.js: 11ms, proxy.ts: 3ms, generate-params: 6ms, application-code: 48ms)
 GET /en/accounting 200 in 114ms (next.js: 15ms, proxy.ts: 6ms, generate-params: 7ms, application-code: 94ms)
 GET /en/inventory/transfers 200 in 71ms (next.js: 11ms, proxy.ts: 3ms, generate-params: 5ms, application-code: 57ms)
 GET /en/inventory/workshop 200 in 68ms (next.js: 9ms, proxy.ts: 4ms, generate-params: 5ms, application-code: 55ms)
 GET /en/inventory/stock-audit 200 in 69ms (next.js: 10ms, proxy.ts: 3ms, generate-params: 5ms, application-code: 56ms)
 GET /en/settings 200 in 65ms (next.js: 10ms, proxy.ts: 3ms, generate-params: 5ms, application-code: 53ms)
 GET /ar/dashboard 200 in 73ms (next.js: 14ms, proxy.ts: 5ms, generate-params: 7ms, application-code: 53ms)
 GET /ar/inventory 200 in 66ms (next.js: 11ms, proxy.ts: 3ms, generate-params: 6ms, application-code: 52ms)
 GET /ar/pos 200 in 66ms (next.js: 9ms, proxy.ts: 4ms, generate-params: 5ms, application-code: 53ms)
 GET /ar/gold-center 200 in 67ms (next.js: 10ms, proxy.ts: 4ms, generate-params: 5ms, application-code: 53ms)
 GET /ar/suppliers 200 in 72ms (next.js: 9ms, proxy.ts: 3ms, generate-params: 5ms, application-code: 60ms)
 GET /ar/accounting 200 in 68ms (next.js: 11ms, proxy.ts: 3ms, generate-params: 5ms, application-code: 54ms)
 GET /ar/inventory/transfers 200 in 64ms (next.js: 11ms, proxy.ts: 3ms, generate-params: 6ms, application-code: 50ms)
 GET /ar/inventory/workshop 200 in 68ms (next.js: 11ms, proxy.ts: 4ms, generate-params: 6ms, application-code: 53ms)
 GET /ar/inventory/stock-audit 200 in 69ms (next.js: 10ms, proxy.ts: 3ms, generate-params: 6ms, application-code: 56ms)
 GET /ar/settings 200 in 69ms (next.js: 10ms, proxy.ts: 3ms, generate-params: 6ms, application-code: 56ms)
 GET /en/pos 200 in 91ms (next.js: 15ms, proxy.ts: 5ms, generate-params: 8ms, application-code: 71ms)
 GET /ar/pos 200 in 76ms (next.js: 11ms, proxy.ts: 3ms, generate-params: 6ms, application-code: 63ms)
 GET /en/dashboard 200 in 70ms (next.js: 13ms, proxy.ts: 4ms, generate-params: 7ms, application-code: 53ms)
 GET /en/login 200 in 239ms (next.js: 14ms, proxy.ts: 4ms, generate-params: 9ms, application-code: 221ms)
 GET /en/dashboard 200 in 70ms (next.js: 19ms, proxy.ts: 4ms, generate-params: 10ms, application-code: 47ms)
 GET /ar/login 200 in 71ms (next.js: 10ms, proxy.ts: 3ms, generate-params: 6ms, application-code: 58ms)
 GET /ar/dashboard 200 in 60ms (next.js: 16ms, proxy.ts: 8ms, generate-params: 9ms, application-code: 36ms)
 GET /en/setup 200 in 713ms (next.js: 631ms, proxy.ts: 3ms, generate-params: 417ms, application-code: 79ms)
 GET /ar/setup 200 in 62ms (next.js: 10ms, proxy.ts: 3ms, generate-params: 6ms, application-code: 49ms)
 GET /en/customers/CUS-0001 200 in 2.7s (next.js: 2.6s, proxy.ts: 3ms, application-code: 116ms)
 GET /ar/customers/CUS-0001 200 in 111ms (next.js: 15ms, proxy.ts: 4ms, application-code: 92ms)
 GET /en/sales 200 in 64ms (next.js: 11ms, proxy.ts: 3ms, generate-params: 6ms, application-code: 50ms)
 GET /ar/sales 200 in 87ms (next.js: 11ms, proxy.ts: 3ms, generate-params: 6ms, application-code: 72ms)
 GET /en/reports/inventory-valuation 200 in 115ms (next.js: 20ms, proxy.ts: 7ms, generate-params: 11ms, application-code: 88ms)
